# 磁盘相关

du -sh  查看磁盘使用情况

df -hl：查看磁盘剩余空间
df -h：查看每个根路径的分区大小
du -sh [目录名]：返回该目录的大小
du -sm [文件夹]：返回该文件夹总M数
du -h [目录名]：查看指定文件夹下的所有文件大小（包含子文件夹）


sar



## CentOs磁盘扩容

1. 查看磁盘扩容前容量 此时加起来总大小为60G

df  -h  

```
[root@localhost ~]# df -h
Filesystem           Size  Used Avail Use% Mounted on
devtmpfs             1.8G     0  1.8G   0% /dev
tmpfs                1.9G     0  1.9G   0% /dev/shm
tmpfs                1.9G  9.7M  1.8G   1% /run
tmpfs                1.9G     0  1.9G   0% /sys/fs/cgroup
/dev/mapper/cs-root   37G   20G   18G  54% /
/dev/nvme0n1p1      1014M  257M  758M  26% /boot
/dev/mapper/cs-home   19G  4.5G   14G  25% /home
tmpfs                371M   12K  371M   1% /run/user/42
tmpfs                371M     0  371M   0% /run/user/0

```



2. fdisk -l 查看 磁盘分区 状况 ，此时总容量变为80，但是只有两个盘使用了60G，还有20G未显示

```
lsblk  
NAME        MAJ:MIN RM  SIZE RO TYPE MOUNTPOINT
sr0          11:0    1 10.7G  0 rom  /run/media/root/CentOS-Stream-8-x86_64-dvd
nvme0n1     259:0    0   80G  0 disk 
├─nvme0n1p1 259:1    0    1G  0 part /boot
└─nvme0n1p2 259:2    0   59G  0 part 
  ├─cs-root 253:0    0   37G  0 lvm  /
  ├─cs-swap 253:1    0    4G  0 lvm  [SWAP]
  └─cs-home 253:2    0 18.1G  0 lvm  /home
  
fdisk -l  
Disk /dev/nvme0n1: 80 GiB, 85899345920 bytes, 167772160 sectors
Units: sectors of 1 * 512 = 512 bytes
Sector size (logical/physical): 512 bytes / 512 bytes
I/O size (minimum/optimal): 512 bytes / 512 bytes
Disklabel type: dos
Disk identifier: 0x654919f3

Device         Boot   Start       End   Sectors Size Id Type
/dev/nvme0n1p1 *       2048   2099199   2097152   1G 83 Linux
/dev/nvme0n1p2      2099200 125829119 123729920  59G 8e Linux LVM
```

3.  增加分区显示增加的磁盘容量

   ```
   fdisk /dev/nvme0n1
   
   Welcome to fdisk (util-linux 2.32.1).
   Changes will remain in memory only, until you decide to write them.
   Be careful before using the write command.
   
   
   Command (m for help): n
   Partition type
      p   primary (2 primary, 0 extended, 2 free)
      e   extended (container for logical partitions)
   Select (default p): p
   Partition number (3,4, default 3): #默认回车
   First sector (125829120-167772159, default 125829120): #默认回车
   Last sector, +sectors or +size{K,M,G,T,P} (125829120-167772159, default 167772159):  #默认回车
   
   Created a new partition 3 of type 'Linux' and of size 20 GiB.
   
   Command (m for help): w
   The partition table has been altered.
   Syncing disks.
   ```

   fdisk -l 查看分区

   ```
   fdisk -l  
   Disk /dev/nvme0n1: 80 GiB, 85899345920 bytes, 167772160 sectors
   Units: sectors of 1 * 512 = 512 bytes
   Sector size (logical/physical): 512 bytes / 512 bytes
   I/O size (minimum/optimal): 512 bytes / 512 bytes
   Disklabel type: dos
   Disk identifier: 0x654919f3
   
   Device         Boot     Start       End   Sectors Size Id Type
   /dev/nvme0n1p1 *         2048   2099199   2097152   1G 83 Linux
   /dev/nvme0n1p2        2099200 125829119 123729920  59G 8e Linux LVM
   /dev/nvme0n1p3      125829120 167772159  41943040  20G 83 Linux   # 此为新增加的扩展盘
   ```

   4. 增加系统识别

   执行  partprobe

   5. 创建物理卷   注意名称为新创建的卷  **/dev/nvme0n1p3**

      ```
      pvcreate /dev/nvme0n1p3
        Physical volume "/dev/nvme0n1p3" successfully created.
      ```

6. 扩展卷组

   查看卷组信息：

   vgdisplay

   ```
     --- Volume group ---
     VG Name               cs
     System ID             
     Format                lvm2
     Metadata Areas        2
     Metadata Sequence No  6
     VG Access             read/write
     VG Status             resizable
     MAX LV                0
     Cur LV                3
   ```

   扩展卷组 

   vgextend  cs /dev/nvme0n1p3 
     Volume group "cs" successfully extended

7. 增加home的大小，此时要注意挂载20G不一定有20G的空间，就会报Insufficient free space

   ```
   lvresize -L +19G /dev/mapper/cs-home 
     Size of logical volume cs/home changed from 18.06 GiB (4624 extents) to 37.06 GiB (9488 extents).
     Logical volume cs/home successfully resized.
   ```

   原因是：执行pvdisplay可以看到可用的PE数量是5119，而每个PE大小是4.00MiB，所以其实这个卷组实际的可用空间其实不是20G，而是19.99G

   8.  此时 df -h 查看没有任何变化，/dev/mapper/cs-home还是19G

      ```
      df -h
      Filesystem           Size  Used Avail Use% Mounted on
      devtmpfs             1.8G     0  1.8G   0% /dev
      tmpfs                1.9G     0  1.9G   0% /dev/shm
      tmpfs                1.9G  9.6M  1.8G   1% /run
      tmpfs                1.9G     0  1.9G   0% /sys/fs/cgroup
      /dev/mapper/cs-root   37G   20G   18G  54% /
      /dev/nvme0n1p1      1014M  257M  758M  26% /boot
      /dev/mapper/cs-home   19G  4.5G   14G  25% /home
      tmpfs                371M   12K  371M   1% /run/user/42
      tmpfs                371M     0  371M   0% /run/user/0
      ```

      vgdisplay 查看磁盘空间已经增加，从60G变为 78.99 GiB

```
vgdisplay 
  --- Volume group ---
  VG Name               cs
  System ID             
  Format                lvm2
  Metadata Areas        2
  Metadata Sequence No  6
  VG Access             read/write
  VG Status             resizable
  MAX LV                0
  Cur LV                3
  Open LV               3
  Max PV                0
  Cur PV                2
  Act PV                2
  VG Size               78.99 GiB
  PE Size               4.00 MiB
  Total PE              20222
  Alloc PE / Size       19967 / <78.00 GiB
  Free  PE / Size       255 / 1020.00 MiB
  VG UUID               fQivhZ-JtEj-97ae-iH7X-XSBA-xWh5-etfV1h
```

需要执行，文件系统的同步，之前只是对逻辑卷的扩容

xfs_growfs  /dev/mapper/cs-home 

再次df -h 查看已经变为38G

```
[root@localhost ~]# df -h
Filesystem           Size  Used Avail Use% Mounted on
devtmpfs             1.8G     0  1.8G   0% /dev
tmpfs                1.9G     0  1.9G   0% /dev/shm
tmpfs                1.9G  9.6M  1.8G   1% /run
tmpfs                1.9G     0  1.9G   0% /sys/fs/cgroup
/dev/mapper/cs-root   37G   20G   18G  54% /
/dev/nvme0n1p1      1014M  257M  758M  26% /boot
/dev/mapper/cs-home   38G  4.6G   33G  13% /home
tmpfs                371M     0  371M   0% /run/user/0
```

https://blog.csdn.net/wm6752062/article/details/130314342



创建卷组：

```
vgcreate [-s PE 大小] 卷组名 物理卷名

[-s PE 大小] 选项的含义是指定 PE 的大小，单位可以是 MB、GB、TB 等。如果不写，则默认 PE 大小是 4MB。这里的卷组名指的就是要创建的卷组的名称，而物理卷名则指的是希望添加到此卷组的所有硬盘区分或者整个硬盘。

vgcreate  test_strage /dev/sdb
```





```
激活卷组
 vgchange -a y test_strage 
 查看卷组
 vgscan
 
 创建逻辑卷LV
 
 语法：lvcreate  -L  容量大小  -n  逻辑卷名   卷组名
 
 lvcreate  -L  20G  -n  lv_test_strage test_strage
 lvcreate  -L  19.5G  -n  lv_test_strage test_strage
 
 创建文件系统并挂载
 1.创建文件系统
语法： mkfs.ext4 /dev/卷组名/逻辑卷名
		mkfs -t ext4 /dev/卷组名/逻辑卷名
		
		mkfs.ext4 /dev/test_strage/lv_test_strage

2.创建挂载点
语法：mkdir mnt/挂载名（挂载点路径自己决定）
mkdir -p  /mnt/test_strage

3.创建挂载点
语法：mount  /dev/卷组名/逻辑卷名   /mnt/挂载点 
mount  /dev/test_strage/lv_test_strage   /mnt/test_strage 
扩容
vgextend test_strage /dev/sdc

lvextend  -L +20G /dev/test_strage/lv_test_strage /dev/sdc
resize2fs /dev/test_strage/lv_test_strage

[root@eSight-101 /mnt/test_strage]# resize2fs /dev/test_strage/lv_test_strage 
resize2fs 1.45.6 (20-Mar-2020)
Filesystem at /dev/test_strage/lv_test_strage is mounted on /mnt/test_strage; on-line resizing required
old_desc_blocks = 3, new_desc_blocks = 5
The filesystem on /dev/test_strage/lv_test_strage is now 10354688 (4k) blocks long.
10：修改fstab配置文件实现自动挂载
/dev/VolGroup01/LogVol00                                /mysqldata  ext3 defaults 1 1

缩容
1. 卸载挂载点，需要切换至根目录，必须和挂载点不在同一个目录
umount /mnt/test_strage 
2. e2fsck filesystem
e2fsck -f /dev/test_strage/lv_test_strage
3. resize2fs filesystem ,18G为调整后的大小，不是减少大小
 resize2fs /dev/test_strage/lv_test_strage 18g
 4. 减少逻辑卷的大小，注意一定要大于减少的存储的大小否则存储卸载不了
lvreduce -L -20G  /dev/test_strage/lv_test_strage 
5.重新挂载逻辑卷
mount  /dev/test_strage/lv_test_strage   /mnt/test_strage 
挂载成功之后查看数据看是否有丢失
缩小容量之后进行移除物理盘
vgreduce test_strage /dev/sdc 
  Removed "/dev/sdc" from volume group "test_strage"
  

e2fsck -fy /dev/test_strage/lv_test_strage
```

```
分区 分大于2T的磁盘  fdisk 分小于2T的磁盘
parted  /dev/sdh
mklabel gpt
mkpart   rng  ext4 1MiB  100%
mkpart   rng  ext4 0 100%
q

5.1 设置DiskLable Type
　　# parted /dev/sdb mklabel gpt
5.2 创建分区并格式化
　　# parted /dev/sdb mkpart primary xfs 0 100%
　　# mkfs.xfs /dev/sdb1
5.3 挂载分区
　　# mount /dev/sdb1 /var/tmp
5.4 删除分区
　　# parted /dev/sdb rm 1
格式化
mkfs.ext4  /dev/sdh1

 
dumpe2fs /dev/sda1 #查看分区superblock 和blockgroup等详细信息
 fsck /dev/sda #检查硬盘情况 -C 显示检查过程 -f 强制检查
badblocks /dev/sda5 #检查硬盘坏道 -sv 显示进度和结果
 
fuser -mv /mnt  #当显示设备正在忙的时候，可以使用这个命令查看使用进程
tune2fs -l /dev/sda #查看磁盘参数（-h 查看可选选项，进行选项更改）
df -Th 查看当前系统的分区情况
fdisk -l 查看当前系统分区信息详情


### 挂载脚本
#!/bin/bash
# 新建/dev/sdb的磁盘标签类型为GPT
parted /dev/sdb mklabel gpt 
# 将/dev/sdb整个空间分给同一个分区
parted /dev/sdb mkpart primary 0 100%
# 忽略警告
ignore
# 格式化分区
mkfs -t ext4 /dev/sdb1
# 设定分区label(非必要)
e2label /dev/sdb1 /gfsdata01
# 创建挂载目录
mkdir /gfsdata01
# 临时挂载
mount /dev/sdb1 /gfsdata01
# 开机自动挂载(永久挂载)
echo '/dev/sdb1 /gfsdata01       ext4    defaults        0 0'>>/etc/fsta




https://www.cnblogs.com/vincenshen/p/12433469.html  


使用blkid命令查看格式化情况

查看磁盘是否有流量 
使用iostat -dxc 1命令实时展示当前磁盘流量，至少观察2分钟以上。


```


